2026-03-25 11:08:15 | INFO     | ============================================================
2026-03-25 11:08:15 | INFO     |   DAY 21: PNEUMONIA DETECTION
2026-03-25 11:08:15 | INFO     |   4-Block CNN + Data Augmentation
2026-03-25 11:08:15 | INFO     |   Phase 3 Begins: Deep Learning & Medical Imaging!
2026-03-25 11:08:15 | INFO     | ============================================================
2026-03-25 11:08:15 | INFO     | ============================================================
2026-03-25 11:08:15 | INFO     | LOADING CHEST X-RAY DATASET
2026-03-25 11:08:15 | INFO     | ============================================================
2026-03-25 11:08:46 | INFO     | Saved: 01_samples.png
2026-03-25 11:08:46 | INFO     | ------------------------------------------------------------
2026-03-25 11:08:46 | INFO     | CREATING DATALOADERS
2026-03-25 11:08:46 | INFO     |   Train: 4100 | Val: 878 | Test: 878
2026-03-25 11:08:46 | INFO     | ============================================================
2026-03-25 11:08:46 | INFO     | TRAINING CNN (device=cuda)
2026-03-25 11:08:46 | INFO     |   Params: 2,487,010
2026-03-25 11:08:46 | INFO     | ============================================================
2026-03-25 11:08:52 | INFO     |   Epoch  1 | Train: loss=0.4279 acc=0.847 | Val: loss=0.7707 acc=0.784
2026-03-25 11:09:22 | INFO     |   Epoch  5 | Train: loss=0.1711 acc=0.937 | Val: loss=0.1457 acc=0.952
2026-03-25 11:09:58 | INFO     |   Epoch 10 | Train: loss=0.1380 acc=0.952 | Val: loss=0.1151 acc=0.965
2026-03-25 11:10:36 | INFO     |   Epoch 15 | Train: loss=0.1161 acc=0.959 | Val: loss=0.1160 acc=0.962
2026-03-25 11:11:14 | INFO     |   Epoch 20 | Train: loss=0.1150 acc=0.962 | Val: loss=0.1049 acc=0.967
2026-03-25 11:11:55 | INFO     |   Epoch 25 | Train: loss=0.1053 acc=0.962 | Val: loss=0.1012 acc=0.969
2026-03-25 11:12:35 | INFO     |   Epoch 30 | Train: loss=0.0896 acc=0.969 | Val: loss=0.1078 acc=0.970
2026-03-25 11:12:35 | INFO     |   Done in 229.5s
2026-03-25 11:12:36 | INFO     | Saved: 02_training.png
2026-03-25 11:12:36 | INFO     |   Model saved: c:\60 Days(1)\Day-21_CNN\models/day21_cnn.pth
2026-03-25 11:12:36 | INFO     | ============================================================
2026-03-25 11:12:36 | INFO     | EVALUATION ON TEST SET
2026-03-25 11:12:36 | INFO     | ============================================================
2026-03-25 11:12:36 | INFO     |   Accuracy:  0.9613
2026-03-25 11:12:36 | INFO     |   F1:        0.9733
2026-03-25 11:12:36 | INFO     |   Precision: 0.9717
2026-03-25 11:12:36 | INFO     |   Recall:    0.9748
2026-03-25 11:12:36 | INFO     |   AUC-ROC:   0.9918
2026-03-25 11:12:36 | INFO     |   Avg Prec:  0.9968
2026-03-25 11:12:36 | INFO     | 
              precision    recall  f1-score   support

      NORMAL     0.9336    0.9259    0.9298       243
   PNEUMONIA     0.9717    0.9748    0.9733       635

    accuracy                         0.9613       878
   macro avg     0.9527    0.9504    0.9515       878
weighted avg     0.9612    0.9613    0.9612       878

2026-03-25 11:12:37 | INFO     | Saved: 03_evaluation.png
2026-03-25 11:12:37 | INFO     |   TP=619 | TN=225 | FP=18 | FN=16
2026-03-25 11:12:37 | INFO     |   Missed pneumonia (FN): 16 -- dangerous!
2026-03-25 11:12:37 | INFO     |   False alarms (FP): 18
2026-03-25 11:12:37 | INFO     | Saved: 04_error_analysis.png
2026-03-25 11:12:37 | INFO     | Results saved
2026-03-25 11:12:37 | INFO     | 
============================================================
2026-03-25 11:12:37 | INFO     |   DAY 21 COMPLETE | 262.6s | Device: cuda
2026-03-25 11:12:37 | INFO     |   Accuracy: 0.9613 | F1: 0.9733 | AUC: 0.9918
2026-03-25 11:12:37 | INFO     | ============================================================
