2026-03-24 23:07:30 | INFO     | ============================================================
2026-03-24 23:07:30 | INFO     |   DAY 20: VIRAL LOAD FORECASTING
2026-03-24 23:07:30 | INFO     |   LSTM vs GRU -- Phase 2 Finale!
2026-03-24 23:07:30 | INFO     | ============================================================
2026-03-24 23:07:30 | INFO     | ============================================================
2026-03-24 23:07:30 | INFO     | LOADING HIV VIRAL LOAD TIME-SERIES
2026-03-24 23:07:30 | INFO     | ============================================================
2026-03-24 23:07:30 | INFO     | Generated 200 patients x 52 weeks
2026-03-24 23:07:30 | INFO     | Viral load (log10): mean=1.75, range=[1.0, 6.1]
2026-03-24 23:07:30 | INFO     | ------------------------------------------------------------
2026-03-24 23:07:30 | INFO     | EDA
2026-03-24 23:07:31 | INFO     | Saved: 01_eda.png
2026-03-24 23:07:31 | INFO     | ------------------------------------------------------------
2026-03-24 23:07:31 | INFO     | PREPARING SEQUENCES
2026-03-24 23:07:31 | INFO     | Sequences: Train=7040 | Test=1760 | Lookback=8
2026-03-24 23:07:31 | INFO     | ============================================================
2026-03-24 23:07:31 | INFO     | SEQUENTIAL MODELS (device=cuda)
2026-03-24 23:07:31 | INFO     | ============================================================
2026-03-24 23:08:31 | INFO     |   LSTM: 50,497 params | Val RMSE: 0.02915 | Epochs: 80 | 58.2s
2026-03-24 23:09:34 | INFO     |   GRU: 37,889 params | Val RMSE: 0.02902 | Epochs: 80 | 63.0s
2026-03-24 23:09:34 | INFO     | Saved: 02_lstm_vs_gru.png
2026-03-24 23:09:34 | INFO     |   Models saved
2026-03-24 23:09:34 | INFO     | ============================================================
2026-03-24 23:09:34 | INFO     | EVALUATION
2026-03-24 23:09:34 | INFO     | ============================================================
2026-03-24 23:09:34 | INFO     |   LSTM   | RMSE=0.1458 | R2=0.9339
2026-03-24 23:09:34 | INFO     |   GRU    | RMSE=0.1451 | R2=0.9346
2026-03-24 23:09:35 | INFO     | Saved: 03_results.png
2026-03-24 23:09:35 | INFO     | Results saved
2026-03-24 23:09:35 | INFO     | 
============================================================
2026-03-24 23:09:35 | INFO     |   DAY 20 COMPLETE | 124.1s | Device: cuda
2026-03-24 23:09:35 | INFO     |   PHASE 2 COMPLETE! Next: Phase 3 -- Medical Imaging!
2026-03-24 23:09:35 | INFO     | ============================================================
