2026-03-25 11:58:10 | INFO     | ============================================================
2026-03-25 11:58:10 | INFO     |   DAY 22: BRAIN TUMOR SEGMENTATION
2026-03-25 11:58:10 | INFO     |   U-Net -- First Segmentation Model!
2026-03-25 11:58:10 | INFO     |   Phase 3: Deep Learning & Medical Imaging
2026-03-25 11:58:10 | INFO     | ============================================================
2026-03-25 11:58:10 | INFO     | ============================================================
2026-03-25 11:58:10 | INFO     | LOADING BRAIN MRI DATASET
2026-03-25 11:58:10 | INFO     | ============================================================
2026-03-25 11:58:12 | INFO     | Generated 2000 MRI slices (128x128)
2026-03-25 11:58:12 | INFO     |   With tumor: 1327 (66.3%) | Without: 673
2026-03-25 11:58:12 | INFO     |   Avg tumor pixels per positive slice: 639
2026-03-25 11:58:12 | INFO     | ------------------------------------------------------------
2026-03-25 11:58:12 | INFO     | EDA
2026-03-25 11:58:13 | INFO     | Saved: 01_samples.png
2026-03-25 11:58:13 | INFO     | Saved: 02_tumor_stats.png
2026-03-25 11:58:13 | INFO     | ------------------------------------------------------------
2026-03-25 11:58:13 | INFO     | CREATING DATALOADERS
2026-03-25 11:58:13 | INFO     |   Train: 1400 | Val: 300 | Test: 300
2026-03-25 11:58:14 | INFO     | ============================================================
2026-03-25 11:58:14 | INFO     | TRAINING U-NET (device=cuda)
2026-03-25 11:58:14 | INFO     |   Parameters: 7,762,465
2026-03-25 11:58:14 | INFO     | ============================================================
2026-03-25 11:58:23 | INFO     |   Epoch  1 | Train: loss=0.3473 dice=0.8453 | Val: loss=0.0377 dice=0.9727
2026-03-25 11:58:58 | INFO     |   Epoch  5 | Train: loss=0.0152 dice=0.9894 | Val: loss=0.0193 dice=0.9853
2026-03-25 11:59:44 | INFO     |   Epoch 10 | Train: loss=0.0088 dice=0.9935 | Val: loss=0.0093 dice=0.9929
2026-03-25 12:00:28 | INFO     |   Epoch 15 | Train: loss=0.0073 dice=0.9945 | Val: loss=0.0087 dice=0.9934
2026-03-25 12:01:09 | INFO     |   Epoch 20 | Train: loss=0.0056 dice=0.9957 | Val: loss=0.0073 dice=0.9944
2026-03-25 12:01:54 | INFO     |   Epoch 25 | Train: loss=0.0056 dice=0.9959 | Val: loss=0.0069 dice=0.9946
2026-03-25 12:02:33 | INFO     |   Epoch 30 | Train: loss=0.0041 dice=0.9969 | Val: loss=0.0061 dice=0.9952
2026-03-25 12:03:12 | INFO     |   Epoch 35 | Train: loss=0.0031 dice=0.9978 | Val: loss=0.0064 dice=0.9950
2026-03-25 12:03:51 | INFO     |   Epoch 40 | Train: loss=0.0016 dice=0.9990 | Val: loss=0.0066 dice=0.9949
2026-03-25 12:03:51 | INFO     |   Done in 336.5s | Best val dice: 0.9953
2026-03-25 12:03:52 | INFO     | Saved: 03_training.png
2026-03-25 12:03:52 | INFO     | ============================================================
2026-03-25 12:03:52 | INFO     | EVALUATION ON TEST SET
2026-03-25 12:03:52 | INFO     | ============================================================
2026-03-25 12:03:52 | INFO     |   Overall Dice:  0.9957 +/- 0.0057
2026-03-25 12:03:52 | INFO     |   Overall IoU:   0.9916 +/- 0.0111
2026-03-25 12:03:52 | INFO     |   Tumor slices:  Dice=0.9939 | IoU=0.9880
2026-03-25 12:03:52 | INFO     |   Normal slices: Dice=1.0000 (should be ~1.0)
2026-03-25 12:03:53 | INFO     | Saved: 04_predictions.png
2026-03-25 12:03:54 | INFO     | Saved: 05_metrics.png
2026-03-25 12:03:54 | INFO     | Results saved
2026-03-25 12:03:54 | INFO     | 
============================================================
2026-03-25 12:03:54 | INFO     |   DAY 22 COMPLETE | 343.7s | Device: cuda
2026-03-25 12:03:54 | INFO     |   Dice (tumor): 0.9939
2026-03-25 12:03:54 | INFO     |   IoU (tumor):  0.9880
2026-03-25 12:03:54 | INFO     | ============================================================
