2026-03-16 21:39:14 | INFO     | ============================================================
2026-03-16 21:39:14 | INFO     | LOADING TELOMERE LENGTH DATASET
2026-03-16 21:39:14 | INFO     | ============================================================
2026-03-16 21:39:14 | INFO     | Generated 3500 subjects | 40 features (33 real + 7 noise)
2026-03-16 21:39:14 | INFO     | Telomere length: mean=7.32kb, range=[4.3, 10.0]
2026-03-16 21:39:14 | INFO     | ------------------------------------------------------------
2026-03-16 21:39:14 | INFO     | EDA
2026-03-16 21:39:14 | INFO     | ------------------------------------------------------------
2026-03-16 21:39:14 | INFO     | Top correlations with telomere length:
2026-03-16 21:39:16 | INFO     | Saved: 01_eda.png
2026-03-16 21:39:16 | INFO     | Split: Train=2800 | Test=700 | Features=40
2026-03-16 21:39:16 | INFO     | ============================================================
2026-03-16 21:39:16 | INFO     | FEATURE SELECTION — 6 Methods Compared
2026-03-16 21:39:16 | INFO     | ============================================================
2026-03-16 21:39:54 | INFO     | Saved: 02_feature_selection.png
2026-03-16 21:39:54 | INFO     | ============================================================
2026-03-16 21:39:54 | INFO     | SVR — Trained Per Feature Selection Method
2026-03-16 21:39:54 | INFO     | ============================================================
2026-03-16 21:40:03 | INFO     |   none            (40 feats) | RMSE=0.4530 | R²=0.7575
2026-03-16 21:40:08 | INFO     |   variance        (15 feats) | RMSE=0.5828 | R²=0.5976
2026-03-16 21:40:10 | INFO     |   correlation     (15 feats) | RMSE=0.4871 | R²=0.7199
2026-03-16 21:40:13 | INFO     |   mutual_info     (15 feats) | RMSE=0.5234 | R²=0.6763
2026-03-16 21:40:15 | INFO     |   rfecv           (16 feats) | RMSE=0.4769 | R²=0.7311
2026-03-16 21:40:17 | INFO     |   lasso           (15 feats) | RMSE=0.4676 | R²=0.7416
2026-03-16 21:40:17 | INFO     | Saved: 03_selection_performance.png
2026-03-16 21:40:17 | INFO     | ============================================================
2026-03-16 21:40:17 | INFO     | SVR — Full GridSearch on Best Feature Subset
2026-03-16 21:40:17 | INFO     | ============================================================
2026-03-16 21:51:13 | INFO     |   Done in 655.8s | Best RMSE: 0.3664
2026-03-16 21:51:13 | INFO     |   Best params: {'C': 0.1, 'epsilon': 0.01, 'gamma': 'scale', 'kernel': 'linear'}
2026-03-16 21:51:13 | INFO     | ============================================================
2026-03-16 21:51:13 | INFO     | BASELINES
2026-03-16 21:51:13 | INFO     | ============================================================
2026-03-16 21:51:13 | INFO     |   Ridge                | RMSE=0.3645
2026-03-16 21:51:17 | INFO     |   Random Forest        | RMSE=0.4176
2026-03-16 21:51:17 | INFO     | ============================================================
2026-03-16 21:51:17 | INFO     | GPU NEURAL NET (device=cpu)
2026-03-16 21:51:17 | INFO     | ============================================================
2026-03-16 21:51:20 | INFO     |   Epoch  10 | Train: 11.33441 | Val: 13.86538
2026-03-16 21:51:21 | INFO     |   Epoch  20 | Train: 1.66504 | Val: 1.64686
2026-03-16 21:51:21 | INFO     |   Epoch  30 | Train: 1.35012 | Val: 0.87291
2026-03-16 21:51:22 | INFO     |   Epoch  40 | Train: 1.30732 | Val: 0.75921
2026-03-16 21:51:22 | INFO     |   Early stop at epoch 43
2026-03-16 21:51:22 | INFO     |   Done in 2.4s
2026-03-16 21:51:22 | INFO     | Saved: 04_nn_training.png
2026-03-16 21:51:22 | INFO     |   Models saved
2026-03-16 21:51:22 | INFO     | ============================================================
2026-03-16 21:51:22 | INFO     | EVALUATION
2026-03-16 21:51:22 | INFO     | ============================================================
2026-03-16 21:51:23 | INFO     | 
============================================================
RANKINGS
============================================================
2026-03-16 21:51:23 | INFO     |      GPU Neural Net       | RMSE=0.9458 | R²=-0.1092
2026-03-16 21:51:23 | INFO     | Saved: 05_predictions.png
2026-03-16 21:51:23 | INFO     | Saved: 06_comparison.png
