2026-03-17 22:01:06 | INFO     | ============================================================
2026-03-17 22:01:06 | INFO     |   DAY 17: HOSPITAL READMISSION RISK
2026-03-17 22:01:06 | INFO     |   Time-Based Splits + Logistic Regression
2026-03-17 22:01:06 | INFO     |   GPU Neural Net Comparison
2026-03-17 22:01:06 | INFO     | ============================================================
2026-03-17 22:01:06 | INFO     | ============================================================
2026-03-17 22:01:06 | INFO     | LOADING HOSPITAL READMISSION DATASET
2026-03-17 22:01:06 | INFO     | ============================================================
2026-03-17 22:01:06 | INFO     | Generated 8000 admissions over 4 years
2026-03-17 22:01:06 | INFO     | Readmission rate: 0.435 (3480/8000)
2026-03-17 22:01:06 | INFO     | ------------------------------------------------------------
2026-03-17 22:01:06 | INFO     | EDA + TEMPORAL ANALYSIS
2026-03-17 22:01:06 | INFO     | ------------------------------------------------------------
2026-03-17 22:01:06 | INFO     | Not readmitted: 4520 (56.5%)
2026-03-17 22:01:06 | INFO     | Readmitted:     3480 (43.5%)
2026-03-17 22:01:07 | INFO     | Saved: 01_eda.png
2026-03-17 22:01:07 | INFO     | ============================================================
2026-03-17 22:01:07 | INFO     | EXPERIMENT: Temporal vs Random Split
2026-03-17 22:01:07 | INFO     | ============================================================
2026-03-17 22:01:07 | INFO     | ------------------------------------------------------------
2026-03-17 22:01:07 | INFO     | TIME-BASED SPLIT (NO RANDOM SHUFFLE!)
2026-03-17 22:01:07 | INFO     | ------------------------------------------------------------
2026-03-17 22:01:07 | INFO     |   Train readmission rate: 0.4458
2026-03-17 22:01:07 | INFO     |   Test readmission rate:  0.4025
2026-03-17 22:01:07 | INFO     |   Temporal (correct)        | AUC=0.6450 | F1=0.5515 | Test readmit rate=0.4025
2026-03-17 22:01:07 | INFO     |   Random (leaky!)           | AUC=0.6545 | F1=0.5653 | Test readmit rate=0.4350
2026-03-17 22:01:07 | INFO     | Saved: 03_temporal_vs_random.png
2026-03-17 22:01:07 | INFO     | ------------------------------------------------------------
2026-03-17 22:01:07 | INFO     | TIME-BASED SPLIT (NO RANDOM SHUFFLE!)
2026-03-17 22:01:07 | INFO     | ------------------------------------------------------------
2026-03-17 22:01:07 | INFO     |   Train readmission rate: 0.4458
2026-03-17 22:01:07 | INFO     |   Test readmission rate:  0.4025
2026-03-17 22:01:07 | INFO     | ============================================================
2026-03-17 22:01:07 | INFO     | LOGISTIC REGRESSION — GridSearchCV
2026-03-17 22:01:07 | INFO     | ============================================================
2026-03-17 22:01:14 | INFO     |   Done in 7.0s
2026-03-17 22:01:14 | INFO     |   Best AUC: 0.6500
2026-03-17 22:01:14 | INFO     |   Best params: {'C': 0.1, 'class_weight': 'balanced', 'penalty': 'l1', 'solver': 'saga'}
2026-03-17 22:01:14 | INFO     | Saved: 02_lr_coefficients.png
2026-03-17 22:01:14 | INFO     | ============================================================
2026-03-17 22:01:14 | INFO     | BASELINES
2026-03-17 22:01:14 | INFO     | ============================================================
2026-03-17 22:01:15 | INFO     |   Random Forest          | AUC=0.6315 | 0.9s
2026-03-17 22:01:20 | INFO     |   Gradient Boosting      | AUC=0.6171 | 4.9s
2026-03-17 22:01:20 | INFO     | ============================================================
2026-03-17 22:01:20 | INFO     | GPU NEURAL NET (device=cpu)
2026-03-17 22:01:20 | INFO     | ============================================================
2026-03-17 22:01:24 | INFO     |   Epoch  10 | Train: 0.7118 | Val: 0.7098
2026-03-17 22:01:25 | INFO     |   Epoch  20 | Train: 0.7025 | Val: 0.6991
2026-03-17 22:01:26 | INFO     |   Epoch  30 | Train: 0.6952 | Val: 0.6880
2026-03-17 22:01:27 | INFO     |   Epoch  40 | Train: 0.6951 | Val: 0.6794
2026-03-17 22:01:28 | INFO     |   Epoch  50 | Train: 0.6885 | Val: 0.6676
2026-03-17 22:01:29 | INFO     |   Epoch  60 | Train: 0.6825 | Val: 0.6585
2026-03-17 22:01:29 | INFO     |   Done in 5.9s
2026-03-17 22:01:29 | INFO     | Saved: 04_nn_training.png
2026-03-17 22:01:29 | INFO     |   Models saved
2026-03-17 22:01:29 | INFO     | ============================================================
2026-03-17 22:01:29 | INFO     | EVALUATION (Temporal Test Set)
2026-03-17 22:01:29 | INFO     | ============================================================
2026-03-17 22:01:30 | INFO     | 
============================================================
RANKINGS (by AUC-ROC)
============================================================
2026-03-17 22:01:30 | INFO     |      Gradient Boosting      | AUC=0.6217 | F1=0.4960 | Recall=0.4621
2026-03-17 22:01:30 | INFO     | Saved: 05_roc_pr.png
2026-03-17 22:01:30 | INFO     | Saved: 06_calibration.png
2026-03-17 22:01:31 | INFO     | Saved: 07_confusion_matrices.png
2026-03-17 22:01:31 | INFO     | Saved: 08_comparison.png
