2026-03-24 23:01:17 | INFO     | ============================================================
2026-03-24 23:01:17 | INFO     |   DAY 19: RADIOSENSITIVITY PREDICTION
2026-03-24 23:01:17 | INFO     |   Elastic Net + Cross-Dataset Validation + GPU NN
2026-03-24 23:01:17 | INFO     | ============================================================
2026-03-24 23:01:17 | INFO     | ============================================================
2026-03-24 23:01:17 | INFO     | LOADING TWO RADIOSENSITIVITY DATASETS
2026-03-24 23:01:17 | INFO     | ============================================================
2026-03-24 23:01:17 | INFO     | Dataset A (cell lines): 3000 | SF2 mean=0.227
2026-03-24 23:01:17 | INFO     | Dataset B (clinical):   1500 | SF2 mean=0.323
2026-03-24 23:01:17 | INFO     | Domain shift: 0.096
2026-03-24 23:01:17 | INFO     | ------------------------------------------------------------
2026-03-24 23:01:17 | INFO     | EDA
2026-03-24 23:01:18 | INFO     | Saved: 01_eda.png
2026-03-24 23:01:18 | INFO     | ------------------------------------------------------------
2026-03-24 23:01:18 | INFO     | PREPARING 3 VALIDATION STRATEGIES
2026-03-24 23:01:18 | INFO     |   within_A: Train 2400 -> Test 600
2026-03-24 23:01:18 | INFO     |   within_B: Train 1200 -> Test 300
2026-03-24 23:01:18 | INFO     |   cross_AB: Train 2400 -> Test 1500 [CROSS-DATASET]
2026-03-24 23:01:18 | INFO     | ============================================================
2026-03-24 23:01:18 | INFO     | ELASTIC NET -- 3 Validation Strategies
2026-03-24 23:01:18 | INFO     | ============================================================
2026-03-24 23:01:38 | INFO     |   within_A           | CV R2=0.6305 | Test R2=0.6078 | RMSE=0.0746 | {'alpha': 0.001, 'l1_ratio': 0.9}
2026-03-24 23:01:38 | INFO     |   within_B           | CV R2=0.4899 | Test R2=0.4975 | RMSE=0.1033 | {'alpha': 0.01, 'l1_ratio': 0.3}
2026-03-24 23:01:39 | INFO     |   cross_A_to_B       | CV R2=0.6305 | Test R2=0.0717 | RMSE=0.1408 | {'alpha': 0.001, 'l1_ratio': 0.9}
2026-03-24 23:01:39 | INFO     | Saved: 02_cross_validation.png
2026-03-24 23:01:39 | INFO     | ============================================================
2026-03-24 23:01:39 | INFO     | GPU NEURAL NET (device=cuda)
2026-03-24 23:01:39 | INFO     | ============================================================
2026-03-24 23:01:45 | INFO     |   Epoch  20 | Train: 0.01089 | Val: 0.00663
2026-03-24 23:01:47 | INFO     |   Epoch  40 | Train: 0.00647 | Val: 0.00498
2026-03-24 23:01:49 | INFO     |   Epoch  60 | Train: 0.00600 | Val: 0.00448
2026-03-24 23:01:50 | INFO     |   Early stop at epoch 65
2026-03-24 23:01:50 | INFO     |   Done in 7.3s | Best val MSE: 0.00428
2026-03-24 23:01:50 | INFO     | Saved: 03_nn_training.png
2026-03-24 23:01:50 | INFO     |   Models saved
2026-03-24 23:01:50 | INFO     | ============================================================
2026-03-24 23:01:50 | INFO     | FINAL EVALUATION
2026-03-24 23:01:50 | INFO     | ============================================================
2026-03-24 23:01:50 | INFO     | 
============================================================
RANKINGS
============================================================
2026-03-24 23:01:50 | INFO     |   ElasticNet (within_A)               | R2=0.6078 | RMSE=0.0746
2026-03-24 23:01:50 | INFO     |   GPU Neural Net (within_A)           | R2=0.5832 | RMSE=0.0769
2026-03-24 23:01:50 | INFO     |   ElasticNet (within_B)               | R2=0.4975 | RMSE=0.1033
2026-03-24 23:01:50 | INFO     |   ElasticNet (cross_A_to_B)           | R2=0.0717 | RMSE=0.1408
2026-03-24 23:01:50 | INFO     | Saved: 04_comparison.png
2026-03-24 23:01:50 | INFO     | Results saved
2026-03-24 23:01:50 | INFO     | 
============================================================
2026-03-24 23:01:50 | INFO     |   DAY 19 COMPLETE | 32.9s | Device: cuda
2026-03-24 23:01:50 | INFO     | ============================================================
