2026-03-18 22:59:03 | INFO     | ============================================================
2026-03-18 22:59:03 | INFO     |   DAY 18: GENE EXPRESSION PREDICTION
2026-03-18 22:59:03 | INFO     |   DL Regression -- 5 GPU Architectures Compared
2026-03-18 22:59:03 | INFO     |   Dataset: 500 genes (150 signal + 350 noise)
2026-03-18 22:59:03 | INFO     | ============================================================
2026-03-18 22:59:03 | INFO     | ============================================================
2026-03-18 22:59:03 | INFO     | LOADING GENE EXPRESSION DATASET
2026-03-18 22:59:03 | INFO     | ============================================================
2026-03-18 22:59:03 | INFO     | Generated 4000 samples | 500 genes (150 signal + 350 noise)
2026-03-18 22:59:03 | INFO     | Target: mean=-1.032, std=2.958, range=[-16.40, 8.13]
2026-03-18 22:59:03 | INFO     | 5 latent biological pathways drive expression
2026-03-18 22:59:03 | INFO     | ------------------------------------------------------------
2026-03-18 22:59:03 | INFO     | EDA
2026-03-18 22:59:03 | INFO     | ------------------------------------------------------------
2026-03-18 22:59:03 | INFO     | Signal genes: mean |r| = 0.2822, max = 0.7590
2026-03-18 22:59:03 | INFO     | Noise genes:  mean |r| = 0.0125, max = 0.0493
2026-03-18 22:59:04 | INFO     | Saved: 01_eda.png
2026-03-18 22:59:04 | INFO     | ------------------------------------------------------------
2026-03-18 22:59:04 | INFO     | PREPROCESSING
2026-03-18 22:59:04 | INFO     | ------------------------------------------------------------
2026-03-18 22:59:04 | INFO     | Train: 2800 | Val: 600 | Test: 600 | Features: 500
2026-03-18 22:59:05 | INFO     | ============================================================
2026-03-18 22:59:05 | INFO     | DL ARCHITECTURE COMPARISON (device=cuda)
2026-03-18 22:59:05 | INFO     | ============================================================
2026-03-18 22:59:08 | INFO     |   Shallow (1 layer)      | Params:   64,513 | Val RMSE: 1.0569 | Epochs:  28 | 3.2s
2026-03-18 22:59:10 | INFO     |   Medium (2 layers)      | Params:  162,049 | Val RMSE: 0.9236 | Epochs:  22 | 1.9s
2026-03-18 22:59:13 | INFO     |   Deep (3 layers)        | Params:  422,657 | Val RMSE: 0.8686 | Epochs:  25 | 2.9s
2026-03-18 22:59:15 | INFO     |   Wide (2 layers)        | Params: 1,041,409 | Val RMSE: 0.8585 | Epochs:  25 | 2.4s
2026-03-18 22:59:17 | INFO     |   Bottleneck             | Params:  141,665 | Val RMSE: 0.9805 | Epochs:  15 | 1.7s
2026-03-18 22:59:17 | INFO     | Saved: 02_architecture_comparison.png
2026-03-18 22:59:18 | INFO     | Saved: 03_training_curves.png
2026-03-18 22:59:18 | INFO     | ============================================================
2026-03-18 22:59:18 | INFO     | SKLEARN BASELINES (for context)
2026-03-18 22:59:18 | INFO     | ============================================================
2026-03-18 22:59:18 | INFO     |   Ridge              | 0.0s
2026-03-18 22:59:18 | INFO     |   Lasso              | 0.1s
2026-03-18 22:59:23 | INFO     |   Random Forest      | 5.0s
2026-03-18 22:59:23 | INFO     |   Saved best DL model: Wide (2 layers)
2026-03-18 22:59:23 | INFO     | ============================================================
2026-03-18 22:59:23 | INFO     | EVALUATION ON TEST SET
2026-03-18 22:59:23 | INFO     | ============================================================
2026-03-18 22:59:23 | INFO     | 
============================================================
RANKINGS
============================================================
2026-03-18 22:59:23 | INFO     |   1st  [DL] Wide (2 layers)        | RMSE=0.9357 | R2=0.8975
2026-03-18 22:59:23 | INFO     |   2nd  [DL] Deep (3 layers)        | RMSE=0.9655 | R2=0.8909
2026-03-18 22:59:23 | INFO     |   3rd  [DL] Medium (2 layers)      | RMSE=0.9860 | R2=0.8862
2026-03-18 22:59:23 | INFO     |   4th  [DL] Bottleneck             | RMSE=1.0304 | R2=0.8757
2026-03-18 22:59:23 | INFO     |   5th  [ML] Random Forest          | RMSE=1.0463 | R2=0.8719
2026-03-18 22:59:23 | INFO     |   6th  [DL] Shallow (1 layer)      | RMSE=1.1141 | R2=0.8547
2026-03-18 22:59:23 | INFO     |   7th  [ML] Lasso                  | RMSE=1.8296 | R2=0.6083
2026-03-18 22:59:23 | INFO     |   8th  [ML] Ridge                  | RMSE=1.9341 | R2=0.5622
2026-03-18 22:59:23 | INFO     | Saved: 04_predictions.png
2026-03-18 22:59:24 | INFO     | Saved: 05_dl_vs_ml.png
2026-03-18 22:59:24 | INFO     | Saved: 06_capacity_curve.png
2026-03-18 22:59:24 | INFO     | Results saved
2026-03-18 22:59:24 | INFO     | 
============================================================
2026-03-18 22:59:24 | INFO     |   DAY 18 COMPLETE | 20.5s | Device: cuda
2026-03-18 22:59:24 | INFO     |   Best: Wide (2 layers) | RMSE=0.9357 | R2=0.8975
2026-03-18 22:59:24 | INFO     | ============================================================
